#-----------------------------------------------------------
# Vivado v2020.1 (64-bit)
# SW Build 2902540 on Wed May 27 19:54:49 MDT 2020
# IP Build 2902112 on Wed May 27 22:43:36 MDT 2020
# Start of session at: Tue May  3 19:48:50 2022
# Process ID: 13176
# Current directory: C:/GitHubTFG/TFG/Programacion/Main/Decoder_HALLPWM
# Command line: vivado.exe -gui_launcher_event rodinguilauncherevent10656 C:\GitHubTFG\TFG\Programacion\Main\Decoder_HALLPWM\Decoder_HALLPWM.xpr
# Log file: C:/GitHubTFG/TFG/Programacion/Main/Decoder_HALLPWM/vivado.log
# Journal file: C:/GitHubTFG/TFG/Programacion/Main/Decoder_HALLPWM\vivado.jou
#-----------------------------------------------------------
start_gui
open_project C:/GitHubTFG/TFG/Programacion/Main/Decoder_HALLPWM/Decoder_HALLPWM.xpr
launch_simulation
launch_simulation -simset [get_filesets PWM_Generator ]
source PWM_Generator_tb.tcl
run 50 ms
close_sim
launch_simulation -simset [get_filesets PWM_Generator ]
source PWM_Generator_tb.tcl
run 50 ms
close_sim
launch_simulation -simset [get_filesets PWM_Generator ]
source PWM_Generator_tb.tcl
close_sim
launch_simulation -simset [get_filesets PWM_Decoder_tb ]
launch_simulation -simset [get_filesets PWM_Decoder_tb ]
source PWM_Decoder_tb.tcl
run 50 ms
close_sim
